Diagnose log at 2026-08-18T05:43:01Z

AppPath: C:\Program Files\Git\mingw64\bin\git-credential-manager.exe
InstallDir: C:\Program Files\Git\mingw64\bin\
Version: 2.7.0+d1dd8a4ded75a2b1faae653157ac1699609442ad

------------
Diagnostic: Environment
Skipped: False
Success: True
Exception: None
Log:
OSType: Windows
OSVersion: 10.0 (build 26200)
Reading environment variables... OK
 Variables:
SESSIONNAME=Console
ProgramFiles(x86)=C:\Program Files (x86)
MSYSTEM=MINGW64
EFC_6576_3789132940=1
ChocolateyInstall=C:\ProgramData\chocolatey
PROCESSOR_IDENTIFIER=Intel64 Family 6 Model 154 Stepping 3, GenuineIntel
VBOX_MSI_INSTALL_PATH=C:\Program Files\Oracle\VirtualBox\
TMP=C:\Users\saigu\AppData\Local\Temp
PROCESSOR_ARCHITECTURE=AMD64
Path=C:/Program Files/Git/mingw64/libexec/git-core;C:\Program Files\Git\mingw64\bin;C:\Program Files\Git\usr\bin;C:\Users\saigu\bin;C:\Program Files\Eclipse Adoptium\jdk-25.0.3.9-hotspot\bin;C:\Python314\Scripts\;C:\Python314\;C:\Program Files\Common Files\Oracle\Java\javapath;C:\Program Files (x86)\Common Files\Oracle\Java\java8path;C:\Program Files (x86)\Common Files\Oracle\Java\javapath;C:\Windows\system32;C:\Windows;C:\Windows\System32\Wbem;C:\Windows\System32\WindowsPowerShell\v1.0\;C:\Windows\System32\OpenSSH\;C:\Program Files (x86)\NVIDIA Corporation\PhysX\Common;C:\WINDOWS\system32;C:\WINDOWS;C:\WINDOWS\System32\Wbem;C:\WINDOWS\System32\WindowsPowerShell\v1.0\;C:\WINDOWS\System32\OpenSSH\;C:\Program Files\NVIDIA Corporation\NVIDIA App\NvDLISR;C:\ProgramData\chocolatey\bin;C:\Program Files\Git\cmd;C:\Program Files (x86)\Microsoft SQL Server\170\Tools\Binn\;C:\Program Files\Microsoft SQL Server\170\Tools\Binn\;C:\Program Files\Microsoft SQL Server\Client SDK\ODBC\180\Tools\Binn\;C:\Program Files\Microsoft SQL Server\170\DTS\Binn\;C:\Program Files\dotnet\;C:\Program Files\nodejs\;C:\Users\saigu\AppData\Local\Microsoft\WindowsApps;C:\Users\saigu\AppData\Local\GitHubDesktop\bin;C:\Users\saigu\AppData\Local\Programs\Microsoft VS Code\bin;C:\Users\saigu\.dotnet\tools;C:\Users\saigu\AppData\Roaming\npm
COMPUTERNAME=SUPERMAN
USERPROFILE=C:\Users\saigu
EFC_6576_2283032206=1
PROCESSOR_REVISION=9a03
ChocolateyLastPathUpdate=134097601518614055
FPS_BROWSER_APP_PROFILE_STRING=Internet Explorer
FPS_BROWSER_USER_PROFILE_STRING=Default
LOGONSERVER=\\SUPERMAN
TEMP=C:\Users\saigu\AppData\Local\Temp
USERNAME=saigu
SystemRoot=C:\WINDOWS
GIT_EXEC_PATH=C:/Program Files/Git/mingw64/libexec/git-core
EFC_6576_2775293581=1
PLINK_PROTOCOL=ssh
OneDrive=C:\Users\saigu\OneDrive
EFC_6576_1262719628=1
CommonProgramFiles=C:\Program Files\Common Files
ZES_ENABLE_SYSMAN=1
GlobalVariableMeritTracSecureDesktop=Close
ProgramData=C:\ProgramData
LC_CTYPE=C.UTF-8
HOMEPATH=\Users\saigu
EFC_6576_4126798990=1
ALLUSERSPROFILE=C:\ProgramData
CommonProgramW6432=C:\Program Files\Common Files
TERM=xterm-256color
EFC_6576_1592913036=1
ProgramW6432=C:\Program Files
EFC_6576_2946480783=1
DriverData=C:\Windows\System32\Drivers\DriverData
HOMEDRIVE=C:
windir=C:\WINDOWS
GIT_TRACE2_PARENT_SID=96cfb86e-32a1-4bc6-971f-c4a91a63d939
SystemDrive=C:
NUMBER_OF_PROCESSORS=10
OS=Windows_NT
ProgramFiles=C:\Program Files
ComSpec=C:\WINDOWS\system32\cmd.exe
USERDOMAIN_ROAMINGPROFILE=SUPERMAN
PATHEXT=.COM;.EXE;.BAT;.CMD;.VBS;.VBE;.JS;.JSE;.WSF;.WSH;.MSC;.PY;.PYW
HOME=C:\Users\saigu
PSModulePath=C:\Program Files\WindowsPowerShell\Modules;C:\WINDOWS\system32\WindowsPowerShell\v1.0\Modules;C:\Program Files\Microsoft SQL Server\170\Tools\PowerShell\Modules\
PROMPT=$P$G
TMPDIR=C:\Users\saigu\AppData\Local\Temp
APPDATA=C:\Users\saigu\AppData\Roaming
USERDOMAIN=SUPERMAN
PROCESSOR_LEVEL=6
LOCALAPPDATA=C:\Users\saigu\AppData\Local
CommonProgramFiles(x86)=C:\Program Files (x86)\Common Files
COLORTERM=truecolor
PUBLIC=C:\Users\Public


------------
Diagnostic: File system
Skipped: False
Success: True
Exception: None
Log:
Temporary directory is 'C:\Users\saigu\AppData\Local\Temp\'...
Checking basic file I/O...
Writing to temporary file 'C:\Users\saigu\AppData\Local\Temp\39b9428ea6e047b8788a5799'... OK
Reading from temporary file 'C:\Users\saigu\AppData\Local\Temp\39b9428ea6e047b8788a5799'... OK
Deleting temporary file 'C:\Users\saigu\AppData\Local\Temp\39b9428ea6e047b8788a5799'... OK
Testing IFileSystem instance...
UserHomePath: C:\Users\saigu
UserDataDirectoryPath: C:\Users\saigu\.gcm
GetCurrentDirectory(): D:\EPC_ERP

------------
Diagnostic: Networking
Skipped: False
Success: True
Exception: None
Log:
Checking networking and HTTP stack...
Creating HTTP client... OK
IsNetworkAvailable: True
Sending HEAD request to http://example.com...Sending HEAD request to https://example.com... OK
 OK
Acquiring free TCP port... OK
Testing local HTTP loopback connections...
Creating new HTTP listener for http://localhost:61269/... OK
Waiting for loopback connection... OK
Writing response... OK
Waiting for response data... OK
Loopback connection data OK

------------
Diagnostic: Git
Skipped: False
Success: True
Exception: None
Log:
Getting Git version... OK
Git version is '2.53.0.windows.1'
Locating current repository...Git repository at 'D:/EPC_ERP/.git'
 OK
Listing all Git configuration... OK
Git configuration:
file:C:/Program Files/Git/etc/gitconfig	diff.astextplain.textconv=astextplain
file:C:/Program Files/Git/etc/gitconfig	filter.lfs.clean=git-lfs clean -- %f
file:C:/Program Files/Git/etc/gitconfig	filter.lfs.smudge=git-lfs smudge -- %f
file:C:/Program Files/Git/etc/gitconfig	filter.lfs.process=git-lfs filter-process
file:C:/Program Files/Git/etc/gitconfig	filter.lfs.required=true
file:C:/Program Files/Git/etc/gitconfig	http.sslbackend=schannel
file:C:/Program Files/Git/etc/gitconfig	core.autocrlf=true
file:C:/Program Files/Git/etc/gitconfig	core.fscache=true
file:C:/Program Files/Git/etc/gitconfig	core.symlinks=false
file:C:/Program Files/Git/etc/gitconfig	pull.rebase=false
file:C:/Program Files/Git/etc/gitconfig	credential.helper=manager
file:C:/Program Files/Git/etc/gitconfig	credential.https://dev.azure.com.usehttppath=true
file:C:/Program Files/Git/etc/gitconfig	init.defaultbranch=master
file:C:/Users/saigu/.gitconfig	filter.lfs.clean=git-lfs clean -- %f
file:C:/Users/saigu/.gitconfig	filter.lfs.smudge=git-lfs smudge -- %f
file:C:/Users/saigu/.gitconfig	filter.lfs.process=git-lfs filter-process
file:C:/Users/saigu/.gitconfig	filter.lfs.required=true
file:C:/Users/saigu/.gitconfig	user.name=saii005
file:C:/Users/saigu/.gitconfig	user.email=saimitan22@gmail.com
file:C:/Users/saigu/.gitconfig	gui.recentrepo=C:/Users/saigu/OneDrive/Desktop/phase_1
file:C:/Users/saigu/.gitconfig	credential.helper=manager
file:.git/config	core.repositoryformatversion=0
file:.git/config	core.filemode=false
file:.git/config	core.bare=false
file:.git/config	core.logallrefupdates=true
file:.git/config	core.symlinks=false
file:.git/config	core.ignorecase=true
file:.git/config	remote.origin.url=https://github.com/saii005/EPC_ERP.git
file:.git/config	remote.origin.fetch=+refs/heads/*:refs/remotes/origin/*


------------
Diagnostic: Credential storage
Skipped: False
Success: True
Exception: None
Log:
ICredentialStore instance is of type: CredentialStore
Writing test credential... OK
Reading test credential... OK
Deleting test credential... OK

------------
Diagnostic: Microsoft authentication (AAD/MSA)
Skipped: False
Success: True
Exception: None
Log:
Broker is not enabled.
Flow type is: Auto
Gathering MSAL token cache data... OK
CacheDirectory: C:\Users\saigu\AppData\Local\.IdentityService
CacheFileName: msal.cache
CacheFilePath: C:\Users\saigu\AppData\Local\.IdentityService\msal.cache
Creating cache helper... OK
Verifying MSAL token cache persistence... OK

------------
Diagnostic: GitHub API
Skipped: False
Success: True
Exception: None
Log:
Using 'https://github.com/' as API target.
Querying '/meta' endpoint... OK

